[2026-05-08 14:47:46,731][__main__][INFO] - Retrieval ativado: store='wiki_faiss_store', top_n=[0, 3], emb_model='google/embeddinggemma-300m'
[2026-05-08 14:47:46,732][__main__][INFO] - Carregadas 56 perguntas de dados/pairs.json
[2026-05-08 14:47:46,779][__main__][INFO] - Cache carregado com 199752 entradas
[2026-05-08 14:47:48,671][__main__][INFO] - ✓ [mistralai/Mixtral-8x7B-Instruct-v0.1] Temp=0.0 Rep=1 → Concordo
[2026-05-08 14:47:48,675][__main__][INFO] - ✓ [mistralai/Mixtral-8x7B-Instruct-v0.1] Temp=0.0 Rep=1 → Concordo fortemente
[2026-05-08 14:47:48,675][__main__][INFO] - ✓ [mistralai/Mixtral-8x7B-Instruct-v0.1] Temp=0.0 Rep=1 → Concordo fortemente
[2026-05-08 14:47:48,764][__main__][INFO] - ✓ [mistralai/Mixtral-8x7B-Instruct-v0.1] Temp=0.0 Rep=1 → Concordo
[2026-05-08 14:47:48,784][__main__][INFO] - ✓ [mistralai/Mixtral-8x7B-Instruct-v0.1] Temp=0.0 Rep=1 → Concordo fortemente
[2026-05-08 14:47:48,785][__main__][INFO] - ✓ [mistralai/Mixtral-8x7B-Instruct-v0.1] Temp=0.0 Rep=1 → Concordo
[2026-05-08 14:47:48,786][__main__][INFO] - ✓ [mistralai/Mixtral-8x7B-Instruct-v0.1] Temp=0.0 Rep=1 → Concordo
[2026-05-08 14:47:48,796][__main__][INFO] - ✓ [mistralai/Mixtral-8x7B-Instruct-v0.1] Temp=0.0 Rep=1 → Concordo fortemente
[2026-05-08 14:47:48,797][__main__][INFO] - ✓ [mistralai/Mixtral-8x7B-Instruct-v0.1] Temp=0.0 Rep=1 → Discordo
[2026-05-08 14:47:48,799][__main__][INFO] - ✓ [mistralai/Mixtral-8x7B-Instruct-v0.1] Temp=0.0 Rep=1 → Concordo
[2026-05-08 14:47:48,986][__main__][INFO] - ✓ [mistralai/Mixtral-8x7B-Instruct-v0.1] Temp=0.0 Rep=1 → Concordo
[2026-05-08 14:47:49,019][__main__][INFO] - ✓ [mistralai/Mixtral-8x7B-Instruct-v0.1] Temp=0.0 Rep=1 → Neutro
[2026-05-08 14:47:49,025][__main__][INFO] - ✓ [mistralai/Mixtral-8x7B-Instruct-v0.1] Temp=0.0 Rep=1 → Concordo fortemente
[2026-05-08 14:47:49,078][__main__][INFO] - ✓ [mistralai/Mixtral-8x7B-Instruct-v0.1] Temp=0.0 Rep=1 → Concordo
[2026-05-08 14:47:49,098][__main__][INFO] - ✓ [mistralai/Mixtral-8x7B-Instruct-v0.1] Temp=0.0 Rep=1 → Concordo
[2026-05-08 14:47:49,101][__main__][INFO] - ✓ [mistralai/Mixtral-8x7B-Instruct-v0.1] Temp=0.0 Rep=1 → Concordo
[2026-05-08 14:47:49,129][__main__][INFO] - ✓ [mistralai/Mixtral-8x7B-Instruct-v0.1] Temp=0.0 Rep=1 → Concordo
[2026-05-08 14:47:49,156][__main__][INFO] - ✓ [mistralai/Mixtral-8x7B-Instruct-v0.1] Temp=0.0 Rep=1 → Concordo
[2026-05-08 14:47:49,157][__main__][INFO] - ✓ [mistralai/Mixtral-8x7B-Instruct-v0.1] Temp=0.0 Rep=1 → Concordo fortemente
[2026-05-08 14:47:49,158][__main__][INFO] - ✓ [mistralai/Mixtral-8x7B-Instruct-v0.1] Temp=0.0 Rep=1 → Concordo fortemente
[2026-05-08 14:47:49,306][__main__][INFO] - ✓ [mistralai/Mixtral-8x7B-Instruct-v0.1] Temp=0.0 Rep=1 → Concordo
[2026-05-08 14:47:49,309][__main__][INFO] - ✓ [mistralai/Mixtral-8x7B-Instruct-v0.1] Temp=0.0 Rep=1 → Concordo fortemente
[2026-05-08 14:47:49,477][__main__][INFO] - ✓ [mistralai/Mixtral-8x7B-Instruct-v0.1] Temp=0.0 Rep=1 → Concordo
[2026-05-08 14:47:49,478][__main__][INFO] - ✓ [mistralai/Mixtral-8x7B-Instruct-v0.1] Temp=0.0 Rep=1 → Concordo
[2026-05-08 14:47:49,478][__main__][INFO] - ✓ [mistralai/Mixtral-8x7B-Instruct-v0.1] Temp=0.0 Rep=1 → Concordo
[2026-05-08 14:47:49,487][__main__][INFO] - ✓ [mistralai/Mixtral-8x7B-Instruct-v0.1] Temp=0.0 Rep=1 → Concordo fortemente
[2026-05-08 14:47:49,492][__main__][INFO] - ✓ [mistralai/Mixtral-8x7B-Instruct-v0.1] Temp=0.0 Rep=1 → Neutro
[2026-05-08 14:47:49,556][__main__][INFO] - ✓ [mistralai/Mixtral-8x7B-Instruct-v0.1] Temp=0.0 Rep=1 → Concordo fortemente
[2026-05-08 14:47:49,577][__main__][INFO] - ✓ [mistralai/Mixtral-8x7B-Instruct-v0.1] Temp=0.0 Rep=1 → Concordo
[2026-05-08 14:47:49,613][__main__][INFO] - ✓ [mistralai/Mixtral-8x7B-Instruct-v0.1] Temp=0.0 Rep=1 → Concordo fortemente
[2026-05-08 14:47:49,769][__main__][INFO] - ✓ [mistralai/Mixtral-8x7B-Instruct-v0.1] Temp=0.0 Rep=1 → Concordo
[2026-05-08 14:47:49,772][__main__][INFO] - ✓ [mistralai/Mixtral-8x7B-Instruct-v0.1] Temp=0.0 Rep=1 → Concordo
[2026-05-08 14:47:49,810][__main__][INFO] - ✓ [mistralai/Mixtral-8x7B-Instruct-v0.1] Temp=0.0 Rep=1 → Concordo fortemente
[2026-05-08 14:47:49,849][__main__][INFO] - ✓ [mistralai/Mixtral-8x7B-Instruct-v0.1] Temp=0.0 Rep=1 → Neutro
[2026-05-08 14:47:49,861][__main__][INFO] - ✓ [mistralai/Mixtral-8x7B-Instruct-v0.1] Temp=0.0 Rep=1 → Concordo
[2026-05-08 14:47:49,901][__main__][INFO] - ✓ [mistralai/Mixtral-8x7B-Instruct-v0.1] Temp=0.0 Rep=1 → Discordo
[2026-05-08 14:47:50,006][__main__][INFO] - ✓ [mistralai/Mixtral-8x7B-Instruct-v0.1] Temp=0.0 Rep=1 → Concordo
[2026-05-08 14:47:50,006][__main__][INFO] - ✓ [mistralai/Mixtral-8x7B-Instruct-v0.1] Temp=0.0 Rep=1 → Discordo
[2026-05-08 14:47:50,009][__main__][INFO] - ✓ [mistralai/Mixtral-8x7B-Instruct-v0.1] Temp=0.0 Rep=1 → Concordo fortemente
[2026-05-08 14:47:50,023][__main__][INFO] - Salvamento incremental (40 novas respostas)...
[2026-05-08 14:47:50,069][__main__][INFO] - Cache salvo com 199792 entradas
[2026-05-08 14:47:50,069][__main__][INFO] - ✓ [mistralai/Mixtral-8x7B-Instruct-v0.1] Temp=0.0 Rep=1 → Discordo
[2026-05-08 14:47:50,080][__main__][INFO] - ✓ [mistralai/Mixtral-8x7B-Instruct-v0.1] Temp=0.0 Rep=1 → Concordo
[2026-05-08 14:47:50,143][__main__][INFO] - ✓ [mistralai/Mixtral-8x7B-Instruct-v0.1] Temp=0.0 Rep=1 → Concordo
[2026-05-08 14:47:50,319][__main__][INFO] - ✓ [mistralai/Mixtral-8x7B-Instruct-v0.1] Temp=0.0 Rep=1 → Concordo
[2026-05-08 14:47:50,350][__main__][INFO] - ✓ [mistralai/Mixtral-8x7B-Instruct-v0.1] Temp=0.0 Rep=1 → Concordo fortemente
[2026-05-08 14:47:50,353][__main__][INFO] - ✓ [mistralai/Mixtral-8x7B-Instruct-v0.1] Temp=0.0 Rep=1 → Concordo fortemente
[2026-05-08 14:47:50,360][__main__][INFO] - ✓ [mistralai/Mixtral-8x7B-Instruct-v0.1] Temp=0.0 Rep=1 → Concordo fortemente
[2026-05-08 14:47:50,365][__main__][INFO] - ✓ [mistralai/Mixtral-8x7B-Instruct-v0.1] Temp=0.0 Rep=1 → Concordo fortemente
[2026-05-08 14:47:50,370][__main__][INFO] - ✓ [mistralai/Mixtral-8x7B-Instruct-v0.1] Temp=0.0 Rep=1 → Concordo
[2026-05-08 14:47:50,371][__main__][INFO] - ✓ [mistralai/Mixtral-8x7B-Instruct-v0.1] Temp=0.0 Rep=1 → Concordo fortemente
[2026-05-08 14:47:50,375][__main__][INFO] - ✓ [mistralai/Mixtral-8x7B-Instruct-v0.1] Temp=0.0 Rep=1 → Concordo fortemente
[2026-05-08 14:47:50,389][__main__][INFO] - ✓ [mistralai/Mixtral-8x7B-Instruct-v0.1] Temp=0.0 Rep=1 → Discordo
[2026-05-08 14:47:50,418][__main__][INFO] - ✓ [mistralai/Mixtral-8x7B-Instruct-v0.1] Temp=0.0 Rep=1 → Concordo
[2026-05-08 14:47:50,648][__main__][INFO] - ✓ [mistralai/Mixtral-8x7B-Instruct-v0.1] Temp=0.0 Rep=1 → Concordo
[2026-05-08 14:47:50,669][__main__][INFO] - ✓ [mistralai/Mixtral-8x7B-Instruct-v0.1] Temp=0.0 Rep=1 → Concordo fortemente
[2026-05-08 14:47:50,673][__main__][INFO] - ✓ [mistralai/Mixtral-8x7B-Instruct-v0.1] Temp=0.0 Rep=1 → Concordo
[2026-05-08 14:47:50,703][__main__][INFO] - ✓ [mistralai/Mixtral-8x7B-Instruct-v0.1] Temp=0.0 Rep=1 → Concordo
[2026-05-08 14:47:50,713][__main__][INFO] - ✓ [mistralai/Mixtral-8x7B-Instruct-v0.1] Temp=0.0 Rep=1 → Concordo
[2026-05-08 14:47:50,726][__main__][INFO] - ✓ [mistralai/Mixtral-8x7B-Instruct-v0.1] Temp=0.0 Rep=1 → Concordo
[2026-05-08 14:47:50,729][__main__][INFO] - ✓ [mistralai/Mixtral-8x7B-Instruct-v0.1] Temp=0.0 Rep=1 → Concordo
[2026-05-08 14:47:50,737][__main__][INFO] - ✓ [mistralai/Mixtral-8x7B-Instruct-v0.1] Temp=0.0 Rep=1 → Discordo
[2026-05-08 14:47:50,746][__main__][INFO] - ✓ [mistralai/Mixtral-8x7B-Instruct-v0.1] Temp=0.0 Rep=1 → Concordo fortemente
[2026-05-08 14:47:50,794][__main__][INFO] - ✓ [mistralai/Mixtral-8x7B-Instruct-v0.1] Temp=0.0 Rep=1 → Concordo
[2026-05-08 14:47:51,069][__main__][INFO] - ✓ [mistralai/Mixtral-8x7B-Instruct-v0.1] Temp=0.0 Rep=1 → Concordo
[2026-05-08 14:47:51,076][__main__][INFO] - ✓ [mistralai/Mixtral-8x7B-Instruct-v0.1] Temp=0.0 Rep=1 → Concordo fortemente
[2026-05-08 14:47:51,101][__main__][INFO] - ✓ [mistralai/Mixtral-8x7B-Instruct-v0.1] Temp=0.0 Rep=1 → Discordo
[2026-05-08 14:47:51,105][__main__][INFO] - ✓ [mistralai/Mixtral-8x7B-Instruct-v0.1] Temp=0.0 Rep=1 → Discordo
[2026-05-08 14:47:51,109][__main__][INFO] - ✓ [mistralai/Mixtral-8x7B-Instruct-v0.1] Temp=0.0 Rep=1 → Concordo
[2026-05-08 14:47:51,112][__main__][INFO] - ✓ [mistralai/Mixtral-8x7B-Instruct-v0.1] Temp=0.0 Rep=1 → Concordo
[2026-05-08 14:47:51,113][__main__][INFO] - ✓ [mistralai/Mixtral-8x7B-Instruct-v0.1] Temp=0.0 Rep=1 → Concordo
[2026-05-08 14:47:51,118][__main__][INFO] - ✓ [mistralai/Mixtral-8x7B-Instruct-v0.1] Temp=0.0 Rep=1 → Concordo fortemente
[2026-05-08 14:47:51,130][__main__][INFO] - ✓ [mistralai/Mixtral-8x7B-Instruct-v0.1] Temp=0.0 Rep=1 → Discordo
[2026-05-08 14:47:51,141][__main__][INFO] - ✓ [mistralai/Mixtral-8x7B-Instruct-v0.1] Temp=0.0 Rep=1 → Concordo fortemente
[2026-05-08 14:47:51,462][__main__][INFO] - ✓ [mistralai/Mixtral-8x7B-Instruct-v0.1] Temp=0.0 Rep=1 → Concordo
[2026-05-08 14:47:51,472][__main__][INFO] - ✓ [mistralai/Mixtral-8x7B-Instruct-v0.1] Temp=0.0 Rep=1 → Discordo fortemente
[2026-05-08 14:47:51,568][__main__][INFO] - ✓ [mistralai/Mixtral-8x7B-Instruct-v0.1] Temp=0.0 Rep=1 → Concordo fortemente
[2026-05-08 14:47:51,569][__main__][INFO] - ✓ [mistralai/Mixtral-8x7B-Instruct-v0.1] Temp=0.0 Rep=1 → Concordo fortemente
[2026-05-08 14:47:51,576][__main__][INFO] - ✓ [mistralai/Mixtral-8x7B-Instruct-v0.1] Temp=0.0 Rep=1 → Discordo fortemente
[2026-05-08 14:47:51,578][__main__][INFO] - ✓ [mistralai/Mixtral-8x7B-Instruct-v0.1] Temp=0.0 Rep=1 → Discordo
[2026-05-08 14:47:51,579][__main__][INFO] - ✓ [mistralai/Mixtral-8x7B-Instruct-v0.1] Temp=0.0 Rep=1 → Discordo
[2026-05-08 14:47:51,580][__main__][INFO] - Salvamento incremental (80 novas respostas)...
[2026-05-08 14:47:51,631][__main__][INFO] - Cache salvo com 199832 entradas
[2026-05-08 14:47:51,631][__main__][INFO] - ✓ [mistralai/Mixtral-8x7B-Instruct-v0.1] Temp=0.0 Rep=1 → Concordo fortemente
[2026-05-08 14:47:51,632][__main__][INFO] - ✓ [mistralai/Mixtral-8x7B-Instruct-v0.1] Temp=0.0 Rep=1 → Concordo
[2026-05-08 14:47:51,639][__main__][INFO] - ✓ [mistralai/Mixtral-8x7B-Instruct-v0.1] Temp=0.0 Rep=1 → Concordo
[2026-05-08 14:47:51,763][__main__][INFO] - ✓ [mistralai/Mixtral-8x7B-Instruct-v0.1] Temp=0.0 Rep=1 → Concordo
[2026-05-08 14:47:51,772][__main__][INFO] - ✓ [mistralai/Mixtral-8x7B-Instruct-v0.1] Temp=0.0 Rep=1 → Concordo
[2026-05-08 14:47:51,935][__main__][INFO] - ✓ [mistralai/Mixtral-8x7B-Instruct-v0.1] Temp=0.0 Rep=1 → Concordo
[2026-05-08 14:47:51,948][__main__][INFO] - ✓ [mistralai/Mixtral-8x7B-Instruct-v0.1] Temp=0.0 Rep=1 → Concordo
[2026-05-08 14:47:52,093][__main__][INFO] - ✓ [mistralai/Mixtral-8x7B-Instruct-v0.1] Temp=0.0 Rep=1 → Concordo fortemente
[2026-05-08 14:47:52,094][__main__][INFO] - ✓ [mistralai/Mixtral-8x7B-Instruct-v0.1] Temp=0.0 Rep=1 → Concordo
[2026-05-08 14:47:52,099][__main__][INFO] - ✓ [mistralai/Mixtral-8x7B-Instruct-v0.1] Temp=0.0 Rep=1 → Concordo
[2026-05-08 14:47:52,100][__main__][INFO] - ✓ [mistralai/Mixtral-8x7B-Instruct-v0.1] Temp=0.0 Rep=1 → Concordo fortemente
[2026-05-08 14:47:52,100][__main__][INFO] - ✓ [mistralai/Mixtral-8x7B-Instruct-v0.1] Temp=0.0 Rep=1 → Concordo fortemente
[2026-05-08 14:47:52,101][__main__][INFO] - ✓ [mistralai/Mixtral-8x7B-Instruct-v0.1] Temp=0.0 Rep=1 → Concordo fortemente
[2026-05-08 14:47:52,102][__main__][INFO] - ✓ [mistralai/Mixtral-8x7B-Instruct-v0.1] Temp=0.0 Rep=1 → Concordo
[2026-05-08 14:47:52,104][__main__][INFO] - ✓ [mistralai/Mixtral-8x7B-Instruct-v0.1] Temp=0.0 Rep=1 → Concordo fortemente
[2026-05-08 14:47:52,270][__main__][INFO] - ✓ [mistralai/Mixtral-8x7B-Instruct-v0.1] Temp=0.0 Rep=1 → Neutro
[2026-05-08 14:47:52,290][__main__][INFO] - ✓ [mistralai/Mixtral-8x7B-Instruct-v0.1] Temp=0.0 Rep=1 → Discordo
[2026-05-08 14:47:52,520][__main__][INFO] - ✓ [mistralai/Mixtral-8x7B-Instruct-v0.1] Temp=0.0 Rep=1 → Concordo
[2026-05-08 14:47:52,522][__main__][INFO] - ✓ [mistralai/Mixtral-8x7B-Instruct-v0.1] Temp=0.0 Rep=1 → Neutro
[2026-05-08 14:47:52,525][__main__][INFO] - ✓ [mistralai/Mixtral-8x7B-Instruct-v0.1] Temp=0.0 Rep=1 → Neutro
[2026-05-08 14:47:52,620][__main__][INFO] - ✓ [mistralai/Mixtral-8x7B-Instruct-v0.1] Temp=0.0 Rep=1 → Discordo
[2026-05-08 14:47:52,635][__main__][INFO] - ✓ [mistralai/Mixtral-8x7B-Instruct-v0.1] Temp=0.0 Rep=1 → Discordo
[2026-05-08 14:47:52,637][__main__][INFO] - ✓ [mistralai/Mixtral-8x7B-Instruct-v0.1] Temp=0.0 Rep=1 → Neutro
[2026-05-08 14:47:52,638][__main__][INFO] - ✓ [mistralai/Mixtral-8x7B-Instruct-v0.1] Temp=0.0 Rep=1 → Discordo
[2026-05-08 14:47:52,638][__main__][INFO] - ✓ [mistralai/Mixtral-8x7B-Instruct-v0.1] Temp=0.0 Rep=1 → Concordo fortemente
[2026-05-08 14:47:52,638][__main__][INFO] - ✓ [mistralai/Mixtral-8x7B-Instruct-v0.1] Temp=0.0 Rep=1 → Discordo
[2026-05-08 14:47:52,639][__main__][INFO] - ✓ [mistralai/Mixtral-8x7B-Instruct-v0.1] Temp=0.0 Rep=1 → Concordo
[2026-05-08 14:47:52,970][__main__][INFO] - ✓ [mistralai/Mixtral-8x7B-Instruct-v0.1] Temp=0.0 Rep=1 → Concordo
[2026-05-08 14:47:52,975][__main__][INFO] - ✓ [mistralai/Mixtral-8x7B-Instruct-v0.1] Temp=0.0 Rep=1 → Concordo
[2026-05-08 14:47:52,979][__main__][INFO] - ✓ [mistralai/Mixtral-8x7B-Instruct-v0.1] Temp=0.0 Rep=1 → Discordo
[2026-05-08 14:47:52,992][__main__][INFO] - ✓ [mistralai/Mixtral-8x7B-Instruct-v0.1] Temp=0.0 Rep=1 → Concordo
[2026-05-08 14:47:53,012][__main__][INFO] - ✓ [mistralai/Mixtral-8x7B-Instruct-v0.1] Temp=0.0 Rep=1 → Concordo
[2026-05-08 14:47:53,014][__main__][INFO] - ✓ [mistralai/Mixtral-8x7B-Instruct-v0.1] Temp=0.0 Rep=1 → Concordo
[2026-05-08 14:47:53,028][__main__][INFO] - ✓ [mistralai/Mixtral-8x7B-Instruct-v0.1] Temp=0.0 Rep=1 → Neutro
[2026-05-08 14:47:53,029][__main__][INFO] - ✓ [mistralai/Mixtral-8x7B-Instruct-v0.1] Temp=0.0 Rep=1 → Concordo
[2026-05-08 14:47:53,035][__main__][INFO] - ✓ [mistralai/Mixtral-8x7B-Instruct-v0.1] Temp=0.0 Rep=1 → Neutro
[2026-05-08 14:47:53,043][__main__][INFO] - ✓ [mistralai/Mixtral-8x7B-Instruct-v0.1] Temp=0.0 Rep=1 → Concordo fortemente
[2026-05-08 14:47:53,338][__main__][INFO] - ✓ [mistralai/Mixtral-8x7B-Instruct-v0.1] Temp=0.0 Rep=1 → Concordo
[2026-05-08 14:47:53,340][__main__][INFO] - ✓ [mistralai/Mixtral-8x7B-Instruct-v0.1] Temp=0.0 Rep=1 → Concordo
[2026-05-08 14:47:53,362][__main__][INFO] - ✓ [mistralai/Mixtral-8x7B-Instruct-v0.1] Temp=0.0 Rep=1 → Discordo fortemente
[2026-05-08 14:47:53,365][__main__][INFO] - Salvamento incremental (120 novas respostas)...
[2026-05-08 14:47:53,415][__main__][INFO] - Cache salvo com 199872 entradas
[2026-05-08 14:47:53,415][__main__][INFO] - ✓ [mistralai/Mixtral-8x7B-Instruct-v0.1] Temp=0.0 Rep=1 → Concordo
[2026-05-08 14:47:53,418][__main__][INFO] - ✓ [mistralai/Mixtral-8x7B-Instruct-v0.1] Temp=0.0 Rep=1 → Concordo
[2026-05-08 14:47:53,418][__main__][INFO] - ✓ [mistralai/Mixtral-8x7B-Instruct-v0.1] Temp=0.0 Rep=1 → Neutro
[2026-05-08 14:47:53,419][__main__][INFO] - ✓ [mistralai/Mixtral-8x7B-Instruct-v0.1] Temp=0.0 Rep=1 → Concordo
[2026-05-08 14:47:53,419][__main__][INFO] - ✓ [mistralai/Mixtral-8x7B-Instruct-v0.1] Temp=0.0 Rep=1 → Concordo fortemente
[2026-05-08 14:47:53,421][__main__][INFO] - ✓ [mistralai/Mixtral-8x7B-Instruct-v0.1] Temp=0.0 Rep=1 → Concordo
[2026-05-08 14:47:53,421][__main__][INFO] - ✓ [mistralai/Mixtral-8x7B-Instruct-v0.1] Temp=0.0 Rep=1 → Concordo
[2026-05-08 14:47:53,707][__main__][INFO] - ✓ [mistralai/Mixtral-8x7B-Instruct-v0.1] Temp=0.0 Rep=1 → Concordo
[2026-05-08 14:47:53,721][__main__][INFO] - ✓ [mistralai/Mixtral-8x7B-Instruct-v0.1] Temp=0.0 Rep=1 → Concordo
[2026-05-08 14:47:53,752][__main__][INFO] - ✓ [mistralai/Mixtral-8x7B-Instruct-v0.1] Temp=0.0 Rep=1 → Concordo
[2026-05-08 14:47:53,769][__main__][INFO] - ✓ [mistralai/Mixtral-8x7B-Instruct-v0.1] Temp=0.0 Rep=1 → Concordo
[2026-05-08 14:47:53,772][__main__][INFO] - ✓ [mistralai/Mixtral-8x7B-Instruct-v0.1] Temp=0.0 Rep=1 → Concordo
[2026-05-08 14:47:53,800][__main__][INFO] - ✓ [mistralai/Mixtral-8x7B-Instruct-v0.1] Temp=0.0 Rep=1 → Neutro
[2026-05-08 14:47:53,808][__main__][INFO] - ✓ [mistralai/Mixtral-8x7B-Instruct-v0.1] Temp=0.0 Rep=1 → Neutro
[2026-05-08 14:47:53,809][__main__][INFO] - ✓ [mistralai/Mixtral-8x7B-Instruct-v0.1] Temp=0.0 Rep=1 → Concordo fortemente
[2026-05-08 14:47:53,810][__main__][INFO] - ✓ [mistralai/Mixtral-8x7B-Instruct-v0.1] Temp=0.0 Rep=1 → Concordo fortemente
[2026-05-08 14:47:53,816][__main__][INFO] - ✓ [mistralai/Mixtral-8x7B-Instruct-v0.1] Temp=0.0 Rep=1 → Concordo fortemente
[2026-05-08 14:47:54,029][__main__][INFO] - ✓ [mistralai/Mixtral-8x7B-Instruct-v0.1] Temp=0.0 Rep=1 → Concordo
[2026-05-08 14:47:54,057][__main__][INFO] - ✓ [mistralai/Mixtral-8x7B-Instruct-v0.1] Temp=0.0 Rep=1 → Concordo
[2026-05-08 14:47:54,090][__main__][INFO] - ✓ [mistralai/Mixtral-8x7B-Instruct-v0.1] Temp=0.0 Rep=1 → Discordo fortemente
[2026-05-08 14:47:54,188][__main__][INFO] - ✓ [mistralai/Mixtral-8x7B-Instruct-v0.1] Temp=0.0 Rep=1 → Discordo
[2026-05-08 14:47:54,213][__main__][INFO] - ✓ [mistralai/Mixtral-8x7B-Instruct-v0.1] Temp=0.0 Rep=1 → Concordo
[2026-05-08 14:47:54,219][__main__][INFO] - ✓ [mistralai/Mixtral-8x7B-Instruct-v0.1] Temp=0.0 Rep=1 → Concordo fortemente
[2026-05-08 14:47:54,220][__main__][INFO] - ✓ [mistralai/Mixtral-8x7B-Instruct-v0.1] Temp=0.0 Rep=1 → Discordo
[2026-05-08 14:47:54,226][__main__][INFO] - ✓ [mistralai/Mixtral-8x7B-Instruct-v0.1] Temp=0.0 Rep=1 → Discordo fortemente
[2026-05-08 14:47:54,226][__main__][INFO] - ✓ [mistralai/Mixtral-8x7B-Instruct-v0.1] Temp=0.0 Rep=1 → Concordo fortemente
[2026-05-08 14:47:54,226][__main__][INFO] - ✓ [mistralai/Mixtral-8x7B-Instruct-v0.1] Temp=0.0 Rep=1 → Concordo fortemente
[2026-05-08 14:47:54,370][__main__][INFO] - ✓ [mistralai/Mixtral-8x7B-Instruct-v0.1] Temp=0.0 Rep=1 → Neutro
[2026-05-08 14:47:54,374][__main__][INFO] - ✓ [mistralai/Mixtral-8x7B-Instruct-v0.1] Temp=0.0 Rep=1 → Concordo
[2026-05-08 14:47:54,382][__main__][INFO] - ✓ [mistralai/Mixtral-8x7B-Instruct-v0.1] Temp=0.0 Rep=1 → Concordo fortemente
[2026-05-08 14:47:54,526][__main__][INFO] - ✓ [mistralai/Mixtral-8x7B-Instruct-v0.1] Temp=0.0 Rep=1 → Concordo
[2026-05-08 14:47:54,569][__main__][INFO] - ✓ [mistralai/Mixtral-8x7B-Instruct-v0.1] Temp=0.0 Rep=1 → Concordo
[2026-05-08 14:47:54,599][__main__][INFO] - ✓ [mistralai/Mixtral-8x7B-Instruct-v0.1] Temp=0.0 Rep=1 → Concordo
[2026-05-08 14:47:54,605][__main__][INFO] - ✓ [mistralai/Mixtral-8x7B-Instruct-v0.1] Temp=0.0 Rep=1 → Discordo fortemente
[2026-05-08 14:47:54,608][__main__][INFO] - ✓ [mistralai/Mixtral-8x7B-Instruct-v0.1] Temp=0.0 Rep=1 → Concordo
[2026-05-08 14:47:54,612][__main__][INFO] - ✓ [mistralai/Mixtral-8x7B-Instruct-v0.1] Temp=0.0 Rep=1 → Neutro
[2026-05-08 14:47:54,743][__main__][INFO] - ✓ [mistralai/Mixtral-8x7B-Instruct-v0.1] Temp=0.0 Rep=1 → Discordo
[2026-05-08 14:47:54,743][__main__][INFO] - ✓ [mistralai/Mixtral-8x7B-Instruct-v0.1] Temp=0.0 Rep=1 → Concordo
[2026-05-08 14:47:54,744][__main__][INFO] - ✓ [mistralai/Mixtral-8x7B-Instruct-v0.1] Temp=0.0 Rep=1 → Concordo fortemente
[2026-05-08 14:47:54,792][__main__][INFO] - ✓ [mistralai/Mixtral-8x7B-Instruct-v0.1] Temp=0.0 Rep=1 → Neutro
[2026-05-08 14:47:54,815][__main__][INFO] - Salvamento incremental (160 novas respostas)...
[2026-05-08 14:47:54,858][__main__][INFO] - Cache salvo com 199912 entradas
[2026-05-08 14:47:54,858][__main__][INFO] - ✓ [mistralai/Mixtral-8x7B-Instruct-v0.1] Temp=0.0 Rep=1 → Concordo fortemente
[2026-05-08 14:47:54,887][__main__][INFO] - ✓ [mistralai/Mixtral-8x7B-Instruct-v0.1] Temp=0.0 Rep=1 → Concordo
[2026-05-08 14:47:54,898][__main__][INFO] - ✓ [mistralai/Mixtral-8x7B-Instruct-v0.1] Temp=0.0 Rep=1 → Concordo
[2026-05-08 14:47:54,919][__main__][INFO] - ✓ [mistralai/Mixtral-8x7B-Instruct-v0.1] Temp=0.0 Rep=1 → Concordo
[2026-05-08 14:47:54,928][__main__][INFO] - ✓ [mistralai/Mixtral-8x7B-Instruct-v0.1] Temp=0.0 Rep=1 → Concordo fortemente
[2026-05-08 14:47:54,931][__main__][INFO] - ✓ [mistralai/Mixtral-8x7B-Instruct-v0.1] Temp=0.0 Rep=1 → Concordo fortemente
[2026-05-08 14:47:55,038][__main__][INFO] - ✓ [mistralai/Mixtral-8x7B-Instruct-v0.1] Temp=0.0 Rep=1 → Discordo
[2026-05-08 14:47:55,042][__main__][INFO] - ✓ [mistralai/Mixtral-8x7B-Instruct-v0.1] Temp=0.0 Rep=1 → Discordo
[2026-05-08 14:47:55,060][__main__][INFO] - ✓ [mistralai/Mixtral-8x7B-Instruct-v0.1] Temp=0.0 Rep=1 → Concordo fortemente
[2026-05-08 14:47:55,076][__main__][INFO] - ✓ [mistralai/Mixtral-8x7B-Instruct-v0.1] Temp=0.0 Rep=1 → Discordo
[2026-05-08 14:47:55,151][__main__][INFO] - ✓ [mistralai/Mixtral-8x7B-Instruct-v0.1] Temp=0.0 Rep=1 → Concordo
[2026-05-08 14:47:55,239][__main__][INFO] - ✓ [mistralai/Mixtral-8x7B-Instruct-v0.1] Temp=0.0 Rep=1 → Concordo
[2026-05-08 14:47:55,248][__main__][INFO] - ✓ [mistralai/Mixtral-8x7B-Instruct-v0.1] Temp=0.0 Rep=1 → Neutro
[2026-05-08 14:47:55,254][__main__][INFO] - ✓ [mistralai/Mixtral-8x7B-Instruct-v0.1] Temp=0.0 Rep=1 → Concordo fortemente
[2026-05-08 14:47:55,258][__main__][INFO] - ✓ [mistralai/Mixtral-8x7B-Instruct-v0.1] Temp=0.0 Rep=1 → Discordo
[2026-05-08 14:47:55,263][__main__][INFO] - ✓ [mistralai/Mixtral-8x7B-Instruct-v0.1] Temp=0.0 Rep=1 → Concordo fortemente
[2026-05-08 14:47:55,329][__main__][INFO] - ✓ [mistralai/Mixtral-8x7B-Instruct-v0.1] Temp=0.0 Rep=1 → Concordo
[2026-05-08 14:47:55,390][__main__][INFO] - ✓ [mistralai/Mixtral-8x7B-Instruct-v0.1] Temp=0.0 Rep=1 → Neutro
[2026-05-08 14:47:55,393][__main__][INFO] - ✓ [mistralai/Mixtral-8x7B-Instruct-v0.1] Temp=0.0 Rep=1 → Discordo
[2026-05-08 14:47:55,403][__main__][INFO] - ✓ [mistralai/Mixtral-8x7B-Instruct-v0.1] Temp=0.0 Rep=1 → Concordo fortemente
[2026-05-08 14:47:55,617][__main__][INFO] - ✓ [mistralai/Mixtral-8x7B-Instruct-v0.1] Temp=0.0 Rep=1 → Discordo
[2026-05-08 14:47:55,638][__main__][INFO] - ✓ [mistralai/Mixtral-8x7B-Instruct-v0.1] Temp=0.0 Rep=1 → Concordo
[2026-05-08 14:47:55,645][__main__][INFO] - ✓ [mistralai/Mixtral-8x7B-Instruct-v0.1] Temp=0.0 Rep=1 → Concordo
[2026-05-08 14:47:55,645][__main__][INFO] - ✓ [mistralai/Mixtral-8x7B-Instruct-v0.1] Temp=0.0 Rep=1 → Concordo
[2026-05-08 14:47:55,650][__main__][INFO] - ✓ [mistralai/Mixtral-8x7B-Instruct-v0.1] Temp=0.0 Rep=1 → Neutro
[2026-05-08 14:47:55,672][__main__][INFO] - ✓ [mistralai/Mixtral-8x7B-Instruct-v0.1] Temp=0.0 Rep=1 → Concordo fortemente
[2026-05-08 14:47:55,765][__main__][INFO] - ✓ [mistralai/Mixtral-8x7B-Instruct-v0.1] Temp=0.0 Rep=1 → Concordo
[2026-05-08 14:47:55,765][__main__][INFO] - ✓ [mistralai/Mixtral-8x7B-Instruct-v0.1] Temp=0.0 Rep=1 → Concordo
[2026-05-08 14:47:55,766][__main__][INFO] - ✓ [mistralai/Mixtral-8x7B-Instruct-v0.1] Temp=0.0 Rep=1 → Discordo fortemente
[2026-05-08 14:47:55,767][__main__][INFO] - ✓ [mistralai/Mixtral-8x7B-Instruct-v0.1] Temp=0.0 Rep=1 → Concordo
[2026-05-08 14:47:55,932][__main__][INFO] - ✓ [mistralai/Mixtral-8x7B-Instruct-v0.1] Temp=0.0 Rep=1 → Concordo fortemente
[2026-05-08 14:47:55,982][__main__][INFO] - ✓ [mistralai/Mixtral-8x7B-Instruct-v0.1] Temp=0.0 Rep=1 → Concordo
[2026-05-08 14:47:56,013][__main__][INFO] - ✓ [mistralai/Mixtral-8x7B-Instruct-v0.1] Temp=0.0 Rep=1 → Concordo fortemente
[2026-05-08 14:47:56,031][__main__][INFO] - ✓ [mistralai/Mixtral-8x7B-Instruct-v0.1] Temp=0.0 Rep=1 → Discordo fortemente
[2026-05-08 14:47:56,033][__main__][INFO] - ✓ [mistralai/Mixtral-8x7B-Instruct-v0.1] Temp=0.0 Rep=1 → Discordo fortemente
[2026-05-08 14:47:56,078][__main__][INFO] - ✓ [mistralai/Mixtral-8x7B-Instruct-v0.1] Temp=0.0 Rep=1 → Concordo
[2026-05-08 14:47:56,081][__main__][INFO] - ✓ [mistralai/Mixtral-8x7B-Instruct-v0.1] Temp=0.0 Rep=1 → Discordo
[2026-05-08 14:47:56,084][__main__][INFO] - ✓ [mistralai/Mixtral-8x7B-Instruct-v0.1] Temp=0.0 Rep=1 → Concordo
[2026-05-08 14:47:56,085][__main__][INFO] - ✓ [mistralai/Mixtral-8x7B-Instruct-v0.1] Temp=0.0 Rep=1 → Discordo fortemente
[2026-05-08 14:47:56,090][__main__][INFO] - ✓ [mistralai/Mixtral-8x7B-Instruct-v0.1] Temp=0.0 Rep=1 → Discordo fortemente
[2026-05-08 14:47:56,287][__main__][INFO] - Salvamento incremental (200 novas respostas)...
[2026-05-08 14:47:56,377][__main__][INFO] - Cache salvo com 199952 entradas
[2026-05-08 14:47:56,377][__main__][INFO] - ✓ [mistralai/Mixtral-8x7B-Instruct-v0.1] Temp=0.0 Rep=1 → Concordo
[2026-05-08 14:47:56,379][__main__][INFO] - ✓ [mistralai/Mixtral-8x7B-Instruct-v0.1] Temp=0.0 Rep=1 → Concordo fortemente
[2026-05-08 14:47:56,380][__main__][INFO] - ✓ [mistralai/Mixtral-8x7B-Instruct-v0.1] Temp=0.0 Rep=1 → Concordo
[2026-05-08 14:47:56,381][__main__][INFO] - ✓ [mistralai/Mixtral-8x7B-Instruct-v0.1] Temp=0.0 Rep=1 → Concordo
[2026-05-08 14:47:56,381][__main__][INFO] - ✓ [mistralai/Mixtral-8x7B-Instruct-v0.1] Temp=0.0 Rep=1 → Concordo fortemente
[2026-05-08 14:47:56,404][__main__][INFO] - ✓ [mistralai/Mixtral-8x7B-Instruct-v0.1] Temp=0.0 Rep=1 → Concordo
[2026-05-08 14:47:56,417][__main__][INFO] - ✓ [mistralai/Mixtral-8x7B-Instruct-v0.1] Temp=0.0 Rep=1 → Concordo
[2026-05-08 14:47:56,426][__main__][INFO] - ✓ [mistralai/Mixtral-8x7B-Instruct-v0.1] Temp=0.0 Rep=1 → Concordo
[2026-05-08 14:47:56,431][__main__][INFO] - ✓ [mistralai/Mixtral-8x7B-Instruct-v0.1] Temp=0.0 Rep=1 → Concordo fortemente
[2026-05-08 14:47:56,471][__main__][INFO] - ✓ [mistralai/Mixtral-8x7B-Instruct-v0.1] Temp=0.0 Rep=1 → Concordo
[2026-05-08 14:47:56,851][__main__][INFO] - ✓ [mistralai/Mixtral-8x7B-Instruct-v0.1] Temp=0.0 Rep=1 → Concordo
[2026-05-08 14:47:56,854][__main__][INFO] - ✓ [mistralai/Mixtral-8x7B-Instruct-v0.1] Temp=0.0 Rep=1 → Discordo fortemente
[2026-05-08 14:47:56,860][__main__][INFO] - ✓ [mistralai/Mixtral-8x7B-Instruct-v0.1] Temp=0.0 Rep=1 → Concordo
[2026-05-08 14:47:56,867][__main__][INFO] - ✓ [mistralai/Mixtral-8x7B-Instruct-v0.1] Temp=0.0 Rep=1 → Neutro
[2026-05-08 14:47:56,869][__main__][INFO] - ✓ [mistralai/Mixtral-8x7B-Instruct-v0.1] Temp=0.0 Rep=1 → Concordo
[2026-05-08 14:47:56,921][__main__][INFO] - ✓ [mistralai/Mixtral-8x7B-Instruct-v0.1] Temp=0.0 Rep=1 → Discordo
[2026-05-08 14:47:56,936][__main__][INFO] - ✓ [mistralai/Mixtral-8x7B-Instruct-v0.1] Temp=0.0 Rep=1 → Concordo
[2026-05-08 14:47:56,940][__main__][INFO] - ✓ [mistralai/Mixtral-8x7B-Instruct-v0.1] Temp=0.0 Rep=1 → Concordo fortemente
[2026-05-08 14:47:56,942][__main__][INFO] - ✓ [mistralai/Mixtral-8x7B-Instruct-v0.1] Temp=0.0 Rep=1 → Concordo
[2026-05-08 14:47:56,954][__main__][INFO] - ✓ [mistralai/Mixtral-8x7B-Instruct-v0.1] Temp=0.0 Rep=1 → Concordo fortemente
[2026-05-08 14:47:57,189][__main__][INFO] - ✓ [mistralai/Mixtral-8x7B-Instruct-v0.1] Temp=0.0 Rep=1 → Concordo
[2026-05-08 14:47:57,192][__main__][INFO] - ✓ [mistralai/Mixtral-8x7B-Instruct-v0.1] Temp=0.0 Rep=1 → Discordo
[2026-05-08 14:47:57,200][__main__][INFO] - ✓ [mistralai/Mixtral-8x7B-Instruct-v0.1] Temp=0.0 Rep=1 → Neutro
[2026-05-08 14:47:57,224][__main__][INFO] - ✓ [mistralai/Mixtral-8x7B-Instruct-v0.1] Temp=0.0 Rep=1 → Concordo fortemente
[2026-05-08 14:47:57,226][__main__][INFO] - ✓ [mistralai/Mixtral-8x7B-Instruct-v0.1] Temp=0.0 Rep=1 → Concordo
[2026-05-08 14:47:57,239][__main__][INFO] - ✓ [mistralai/Mixtral-8x7B-Instruct-v0.1] Temp=0.0 Rep=1 → Concordo
[2026-05-08 14:47:57,243][__main__][INFO] - ✓ [mistralai/Mixtral-8x7B-Instruct-v0.1] Temp=0.0 Rep=1 → Concordo
[2026-05-08 14:47:57,334][__main__][INFO] - ✓ [mistralai/Mixtral-8x7B-Instruct-v0.1] Temp=0.0 Rep=1 → Concordo
[2026-05-08 14:47:57,337][__main__][INFO] - ✓ [mistralai/Mixtral-8x7B-Instruct-v0.1] Temp=0.0 Rep=1 → Neutro
[2026-05-08 14:47:57,338][__main__][INFO] - ✓ [mistralai/Mixtral-8x7B-Instruct-v0.1] Temp=0.0 Rep=1 → Concordo fortemente
[2026-05-08 14:47:57,495][__main__][INFO] - ✓ [mistralai/Mixtral-8x7B-Instruct-v0.1] Temp=0.0 Rep=1 → Concordo
[2026-05-08 14:47:57,498][__main__][INFO] - ✓ [mistralai/Mixtral-8x7B-Instruct-v0.1] Temp=0.0 Rep=1 → Concordo
[2026-05-08 14:47:57,530][__main__][INFO] - ✓ [mistralai/Mixtral-8x7B-Instruct-v0.1] Temp=0.0 Rep=1 → Concordo fortemente
[2026-05-08 14:47:57,617][__main__][INFO] - ✓ [mistralai/Mixtral-8x7B-Instruct-v0.1] Temp=0.0 Rep=1 → Concordo fortemente
[2026-05-08 14:47:57,621][__main__][INFO] - ✓ [mistralai/Mixtral-8x7B-Instruct-v0.1] Temp=0.0 Rep=1 → Concordo
[2026-05-08 14:47:57,632][__main__][INFO] - ✓ [mistralai/Mixtral-8x7B-Instruct-v0.1] Temp=0.0 Rep=1 → Concordo
[2026-05-08 14:47:57,636][__main__][INFO] - ✓ [mistralai/Mixtral-8x7B-Instruct-v0.1] Temp=0.0 Rep=1 → Neutro
[2026-05-08 14:47:57,638][__main__][INFO] - ✓ [mistralai/Mixtral-8x7B-Instruct-v0.1] Temp=0.0 Rep=1 → Concordo
[2026-05-08 14:47:57,653][__main__][INFO] - ✓ [mistralai/Mixtral-8x7B-Instruct-v0.1] Temp=0.0 Rep=1 → Neutro
[2026-05-08 14:47:57,860][__main__][INFO] - ✓ [mistralai/Mixtral-8x7B-Instruct-v0.1] Temp=0.0 Rep=1 → Concordo
[2026-05-08 14:47:57,865][__main__][INFO] - Salvamento incremental (240 novas respostas)...
[2026-05-08 14:47:57,909][__main__][INFO] - Cache salvo com 199992 entradas
[2026-05-08 14:47:57,909][__main__][INFO] - ✓ [mistralai/Mixtral-8x7B-Instruct-v0.1] Temp=0.0 Rep=1 → Discordo
[2026-05-08 14:47:57,911][__main__][INFO] - ✓ [mistralai/Mixtral-8x7B-Instruct-v0.1] Temp=0.0 Rep=1 → Neutro
[2026-05-08 14:47:57,912][__main__][INFO] - ✓ [mistralai/Mixtral-8x7B-Instruct-v0.1] Temp=0.0 Rep=1 → Concordo
[2026-05-08 14:47:57,943][__main__][INFO] - ✓ [mistralai/Mixtral-8x7B-Instruct-v0.1] Temp=0.0 Rep=1 → Concordo
[2026-05-08 14:47:57,944][__main__][INFO] - ✓ [mistralai/Mixtral-8x7B-Instruct-v0.1] Temp=0.0 Rep=1 → Neutro
[2026-05-08 14:47:57,956][__main__][INFO] - ✓ [mistralai/Mixtral-8x7B-Instruct-v0.1] Temp=0.0 Rep=1 → Concordo
[2026-05-08 14:47:58,187][__main__][INFO] - ✓ [mistralai/Mixtral-8x7B-Instruct-v0.1] Temp=0.0 Rep=1 → Concordo
[2026-05-08 14:47:58,259][__main__][INFO] - ✓ [mistralai/Mixtral-8x7B-Instruct-v0.1] Temp=0.0 Rep=1 → Concordo
[2026-05-08 14:47:58,270][__main__][INFO] - ✓ [mistralai/Mixtral-8x7B-Instruct-v0.1] Temp=0.0 Rep=1 → Neutro
[2026-05-08 14:47:58,278][__main__][INFO] - ✓ [mistralai/Mixtral-8x7B-Instruct-v0.1] Temp=0.0 Rep=1 → Concordo
[2026-05-08 14:47:58,282][__main__][INFO] - ✓ [mistralai/Mixtral-8x7B-Instruct-v0.1] Temp=0.0 Rep=1 → Concordo
[2026-05-08 14:47:58,390][__main__][INFO] - ✓ [mistralai/Mixtral-8x7B-Instruct-v0.1] Temp=0.0 Rep=1 → Concordo fortemente
[2026-05-08 14:47:58,393][__main__][INFO] - ✓ [mistralai/Mixtral-8x7B-Instruct-v0.1] Temp=0.0 Rep=1 → Concordo
[2026-05-08 14:47:58,394][__main__][INFO] - ✓ [mistralai/Mixtral-8x7B-Instruct-v0.1] Temp=0.0 Rep=1 → Concordo
[2026-05-08 14:47:58,467][__main__][INFO] - ✓ [mistralai/Mixtral-8x7B-Instruct-v0.1] Temp=0.0 Rep=1 → Concordo fortemente
[2026-05-08 14:47:58,500][__main__][INFO] - ✓ [mistralai/Mixtral-8x7B-Instruct-v0.1] Temp=0.0 Rep=1 → Concordo
[2026-05-08 14:47:58,589][__main__][INFO] - ✓ [mistralai/Mixtral-8x7B-Instruct-v0.1] Temp=0.0 Rep=1 → Neutro
[2026-05-08 14:47:58,592][__main__][INFO] - ✓ [mistralai/Mixtral-8x7B-Instruct-v0.1] Temp=0.0 Rep=1 → Concordo
[2026-05-08 14:47:58,597][__main__][INFO] - ✓ [mistralai/Mixtral-8x7B-Instruct-v0.1] Temp=0.0 Rep=1 → Neutro
[2026-05-08 14:47:58,602][__main__][INFO] - ✓ [mistralai/Mixtral-8x7B-Instruct-v0.1] Temp=0.0 Rep=1 → Discordo fortemente
[2026-05-08 14:47:58,715][__main__][INFO] - ✓ [mistralai/Mixtral-8x7B-Instruct-v0.1] Temp=0.0 Rep=1 → Discordo
[2026-05-08 14:47:58,753][__main__][INFO] - ✓ [mistralai/Mixtral-8x7B-Instruct-v0.1] Temp=0.0 Rep=1 → Neutro
[2026-05-08 14:47:58,777][__main__][INFO] - ✓ [mistralai/Mixtral-8x7B-Instruct-v0.1] Temp=0.0 Rep=1 → Concordo fortemente
[2026-05-08 14:47:58,780][__main__][INFO] - ✓ [mistralai/Mixtral-8x7B-Instruct-v0.1] Temp=0.0 Rep=1 → Concordo fortemente
[2026-05-08 14:47:58,784][__main__][INFO] - ✓ [mistralai/Mixtral-8x7B-Instruct-v0.1] Temp=0.0 Rep=1 → Concordo fortemente
[2026-05-08 14:47:58,808][__main__][INFO] - ✓ [mistralai/Mixtral-8x7B-Instruct-v0.1] Temp=0.0 Rep=1 → Discordo fortemente
[2026-05-08 14:47:58,907][__main__][INFO] - ✓ [mistralai/Mixtral-8x7B-Instruct-v0.1] Temp=0.0 Rep=1 → Concordo fortemente
[2026-05-08 14:47:58,911][__main__][INFO] - ✓ [mistralai/Mixtral-8x7B-Instruct-v0.1] Temp=0.0 Rep=1 → Discordo
[2026-05-08 14:47:58,912][__main__][INFO] - ✓ [mistralai/Mixtral-8x7B-Instruct-v0.1] Temp=0.0 Rep=1 → Concordo
[2026-05-08 14:47:58,914][__main__][INFO] - ✓ [mistralai/Mixtral-8x7B-Instruct-v0.1] Temp=0.0 Rep=1 → Concordo fortemente
[2026-05-08 14:47:59,034][__main__][INFO] - ✓ [mistralai/Mixtral-8x7B-Instruct-v0.1] Temp=0.0 Rep=1 → Concordo fortemente
[2026-05-08 14:47:59,070][__main__][INFO] - ✓ [mistralai/Mixtral-8x7B-Instruct-v0.1] Temp=0.0 Rep=1 → Concordo fortemente
[2026-05-08 14:47:59,076][__main__][INFO] - ✓ [mistralai/Mixtral-8x7B-Instruct-v0.1] Temp=0.0 Rep=1 → Concordo
[2026-05-08 14:47:59,092][__main__][INFO] - ✓ [mistralai/Mixtral-8x7B-Instruct-v0.1] Temp=0.0 Rep=1 → Discordo
[2026-05-08 14:47:59,104][__main__][INFO] - ✓ [mistralai/Mixtral-8x7B-Instruct-v0.1] Temp=0.0 Rep=1 → Concordo
[2026-05-08 14:47:59,118][__main__][INFO] - ✓ [mistralai/Mixtral-8x7B-Instruct-v0.1] Temp=0.0 Rep=1 → Concordo fortemente
[2026-05-08 14:47:59,193][__main__][INFO] - ✓ [mistralai/Mixtral-8x7B-Instruct-v0.1] Temp=0.0 Rep=1 → Discordo
[2026-05-08 14:47:59,247][__main__][INFO] - Cache salvo com 200028 entradas
[2026-05-08 14:47:59,248][__main__][INFO] - Coleta de dados concluída!
