[2026-05-11 14:18:40,448][__main__][INFO] - Retrieval ativado: store='wiki_faiss_store', top_n=[0, 1, 3, 5], emb_model='google/embeddinggemma-300m'
[2026-05-11 14:18:40,448][__main__][INFO] - Carregadas 1 perguntas de dados/pairs.json
[2026-05-11 14:18:40,494][__main__][INFO] - Cache carregado com 220124 entradas
[2026-05-11 14:18:42,615][__main__][INFO] - ✓ [google/gemma-3-27b-it] Temp=0.0 Rep=1 → Concordo
[2026-05-11 14:18:42,617][__main__][INFO] - ✓ [google/gemma-3-27b-it] Temp=0.0 Rep=1 → Concordo
[2026-05-11 14:18:42,617][__main__][INFO] - ✓ [google/gemma-3-27b-it] Temp=0.0 Rep=1 → Discordo fortemente
[2026-05-11 14:18:42,737][__main__][INFO] - ✓ [google/gemma-3-27b-it] Temp=0.0 Rep=1 → Concordo fortemente
[2026-05-11 14:18:42,874][__main__][INFO] - ✓ [google/gemma-3-27b-it] Temp=0.0 Rep=1 → Concordo fortemente
[2026-05-11 14:18:42,881][__main__][INFO] - ✓ [google/gemma-3-27b-it] Temp=0.0 Rep=1 → Concordo fortemente
[2026-05-11 14:18:43,262][__main__][INFO] - ✓ [google/gemma-3-27b-it] Temp=0.0 Rep=1 → Discordo fortemente
[2026-05-11 14:18:43,266][__main__][INFO] - ✓ [google/gemma-3-27b-it] Temp=0.0 Rep=1 → Concordo fortemente
[2026-05-11 14:18:43,296][__main__][INFO] - ✓ [google/gemma-3-27b-it] Temp=0.0 Rep=1 → Discordo fortemente
[2026-05-11 14:18:43,305][__main__][INFO] - ✓ [google/gemma-3-27b-it] Temp=0.0 Rep=1 → Discordo fortemente
[2026-05-11 14:18:43,323][__main__][INFO] - ✓ [google/gemma-3-27b-it] Temp=0.0 Rep=1 → Concordo
[2026-05-11 14:18:43,326][__main__][INFO] - ✓ [google/gemma-3-27b-it] Temp=0.0 Rep=1 → Concordo
[2026-05-11 14:18:43,332][__main__][INFO] - ✓ [google/gemma-3-27b-it] Temp=0.0 Rep=1 → Concordo fortemente
[2026-05-11 14:18:43,387][__main__][INFO] - ✓ [google/gemma-3-27b-it] Temp=0.0 Rep=1 → Concordo fortemente
[2026-05-11 14:18:43,391][__main__][INFO] - ✓ [google/gemma-3-27b-it] Temp=0.0 Rep=1 → Concordo fortemente
[2026-05-11 14:18:43,492][__main__][INFO] - ✓ [google/gemma-3-27b-it] Temp=0.0 Rep=1 → Neutro
[2026-05-11 14:18:43,803][__main__][INFO] - ✓ [google/gemma-3-27b-it] Temp=0.0 Rep=1 → Neutro
[2026-05-11 14:18:43,820][__main__][INFO] - ✓ [google/gemma-3-27b-it] Temp=0.0 Rep=1 → Neutro
[2026-05-11 14:18:43,832][__main__][INFO] - ✓ [google/gemma-3-27b-it] Temp=0.0 Rep=1 → Discordo fortemente
[2026-05-11 14:18:43,871][__main__][INFO] - ✓ [google/gemma-3-27b-it] Temp=0.0 Rep=1 → Discordo fortemente
[2026-05-11 14:18:43,872][__main__][INFO] - ✓ [google/gemma-3-27b-it] Temp=0.0 Rep=1 → Discordo fortemente
[2026-05-11 14:18:43,898][__main__][INFO] - ✓ [google/gemma-3-27b-it] Temp=0.0 Rep=1 → Concordo fortemente
[2026-05-11 14:18:43,928][__main__][INFO] - ✓ [google/gemma-3-27b-it] Temp=0.0 Rep=1 → Concordo fortemente
[2026-05-11 14:18:44,160][__main__][INFO] - ✓ [google/gemma-3-27b-it] Temp=0.0 Rep=1 → Neutro
[2026-05-11 14:18:44,325][__main__][INFO] - ✓ [google/gemma-3-27b-it] Temp=0.0 Rep=1 → Neutro
[2026-05-11 14:18:44,356][__main__][INFO] - ✓ [google/gemma-3-27b-it] Temp=0.0 Rep=1 → Discordo fortemente
[2026-05-11 14:18:44,390][__main__][INFO] - ✓ [google/gemma-3-27b-it] Temp=0.0 Rep=1 → Concordo fortemente
[2026-05-11 14:18:44,448][__main__][INFO] - Cache salvo com 220151 entradas
[2026-05-11 14:18:44,448][__main__][INFO] - Coleta de dados concluída!
